
[1m[46m RUN [49m[22m [36mv4.0.15 [39m[90mC:/Users/CHERK/Desktop/projet/one connexion fini[39m

 [31mÔØ»[39m src/utils/pricingEngine.test.ts [2m([22m[2m32 tests[22m[2m | [22m[31m1 failed[39m[2m)[22m[32m 28[2mms[22m[39m
       [32mÔ£ô[39m devrait convertir en majuscules[32m 2[2mms[22m[39m
       [32mÔ£ô[39m devrait supprimer les accents[32m 0[2mms[22m[39m
[31m       [31m├ù[31m devrait normaliser les espaces[39m[32m 11[2mms[22m[39m
       [32mÔ£ô[39m devrait reconna├«tre Paris[32m 1[2mms[22m[39m
       [32mÔ£ô[39m devrait reconna├«tre les arrondissements de Paris[32m 0[2mms[22m[39m
       [32mÔ£ô[39m ne devrait pas reconna├«tre les autres villes[32m 0[2mms[22m[39m
       [32mÔ£ô[39m devrait trouver une ville exacte[32m 0[2mms[22m[39m
       [32mÔ£ô[39m devrait retourner null pour une ville inconnue[32m 1[2mms[22m[39m
       [32mÔ£ô[39m devrait trouver Les Mureaux (avec espace)[32m 0[2mms[22m[39m
       [32mÔ£ô[39m devrait retourner la prise en charge correcte pour Paris NORMAL[32m 0[2mms[22m[39m
       [32mÔ£ô[39m devrait retourner la prise en charge correcte pour Melun EXPRESS[32m 0[2mms[22m[39m
       [32mÔ£ô[39m devrait lever une erreur pour une ville inconnue[32m 1[2mms[22m[39m
       [32mÔ£ô[39m Paris ÔåÆ Melun (47,3 km) NORMAL : pas de suppl├®ment[32m 1[2mms[22m[39m
       [32mÔ£ô[39m Paris ÔåÆ Versailles (18 km) EXPRESS : pas de suppl├®ment[32m 0[2mms[22m[39m
       [32mÔ£ô[39m Melun ÔåÆ Paris (47,3 km) NORMAL : pas de suppl├®ment[32m 0[2mms[22m[39m
       [32mÔ£ô[39m Versailles ÔåÆ Paris (18 km) EXPRESS : pas de suppl├®ment[32m 0[2mms[22m[39m
       [32mÔ£ô[39m Melun ÔåÆ Versailles (47,3 km) NORMAL : avec suppl├®ment[32m 1[2mms[22m[39m
       [32mÔ£ô[39m Clichy ÔåÆ Montreuil (10 km) EXPRESS : avec suppl├®ment[32m 0[2mms[22m[39m
       [32mÔ£ô[39m Versailles ÔåÆ Melun (1 km) URGENCE : avec suppl├®ment minimal[32m 0[2mms[22m[39m
       [32mÔ£ô[39m Paris ÔåÆ Melun VL_NORMAL : prise en charge VL[32m 0[2mms[22m[39m
       [32mÔ£ô[39m Melun ÔåÆ Versailles (47,3 km) VL_EXPRESS : avec suppl├®ment[32m 0[2mms[22m[39m
       [32mÔ£ô[39m Distance 0 km : pas de suppl├®ment[32m 0[2mms[22m[39m
       [32mÔ£ô[39m Distance tr├¿s longue (100 km) : suppl├®ment proportionnel[32m 0[2mms[22m[39m
       [32mÔ£ô[39m Ville inconnue : devrait lever une erreur[32m 0[2mms[22m[39m
       [32mÔ£ô[39m devrait calculer toutes les formules pour Paris ÔåÆ Melun[32m 0[2mms[22m[39m
       [32mÔ£ô[39m devrait calculer toutes les formules pour Melun ÔåÆ Versailles (avec suppl├®ment)[32m 0[2mms[22m[39m
       [32mÔ£ô[39m DEFAULT_PRIX_BON devrait ├¬tre 5.5[32m 0[2mms[22m[39m
       [32mÔ£ô[39m DEFAULT_SUPPLEMENT_PAR_KM devrait ├¬tre 0.1[32m 0[2mms[22m[39m
       [32mÔ£ô[39m Le prix total devrait toujours ├¬tre positif[32m 0[2mms[22m[39m
       [32mÔ£ô[39m Le prix total devrait ├¬tre ├®gal ├á totalBons ├ù DEFAULT_PRIX_BON[32m 0[2mms[22m[39m
       [32mÔ£ô[39m totalBons devrait ├¬tre ├®gal ├á priseEnCharge + supplement[32m 0[2mms[22m[39m
       [32mÔ£ô[39m Les formules plus ch├¿res devraient avoir des prises en charge plus ├®lev├®es[32m 0[2mms[22m[39m
node.exe : 
Au caractère Ligne:1 : 1
+ & "C:\Program 
Files\nodejs/node.exe" 
"C:\Program 
Files\nodejs/node_mo ...
+ ~~~~~~~~~~~~~~~~~~~~~~~~~~
~~~~~~~~~~~~~~~~~~~~~~~~~~~~
~~~~~~~~~~~~~~~
    + CategoryInfo          
    : NotSpecified: (:Stri  
  ng) [], RemoteException
    + FullyQualifiedErrorId 
    : NativeCommandError
 
[31mÔÄ»ÔÄ»ÔÄ»ÔÄ»ÔÄ»ÔÄ»ÔÄ»[
39m[1m[41m Failed Tests 1 
[49m[22m[31mÔÄ»ÔÄ»ÔÄ»ÔÄ»Ô
Ä»ÔÄ»ÔÄ»[39m

[41m[1m FAIL [22m[49m sr
c/utils/pricingEngine.test.t
s[2m > [22mMoteur 
Tarifaire One Connexion[2m 
> [22mnormaliserVille[2m 
> [22mdevrait normaliser 
les espaces
[31m[1mAssertionError[22m
: expected '-PARIS-' to be 
'PARIS' // Object.is 
equality[39m

Expected: [32m"PARIS"[39m
Received: [31m"[7m-[27mPA
RIS[7m-[27m"[39m

[36m [2mÔØ»[22m src/utils
/pricingEngine.test.ts:[2m4
2:50[22m[39m
    [90m 40| [39m
    [90m 41| [39m        
[34mit[39m([32m'devrait 
normaliser les 
espaces'[39m[33m,[39m () 
[33m=>[39m {
    [90m 42| [39m         
   [34mexpect[39m([34mnor
maliserVille[39m([32m'  
Paris  '[39m))[33m.[39m[
34mtoBe[39m([32m'PARIS'[3
9m)[33m;[39m
    [90m   | [39m         
                            
            [31m^[39m
    [90m 43| [39m         
   expect(normaliserVille('S
aint   Denis')).toBe('SAINT-
DENISÔÇª
    [90m 44| [39m        
})[33m;[39m

[31m[2mÔÄ»ÔÄ»ÔÄ»ÔÄ»ÔÄ»ÔÄ»Ô
Ä»ÔÄ»ÔÄ»ÔÄ»ÔÄ»ÔÄ»ÔÄ»ÔÄ»ÔÄ»ÔÄ
»ÔÄ»ÔÄ»ÔÄ»ÔÄ»ÔÄ»ÔÄ»ÔÄ»ÔÄ»[1/
1]ÔÄ»[22m[39m


[2m Test Files [22m [1m[31m1 failed[39m[22m[90m (1)[39m
[2m      Tests [22m [1m[31m1 failed[39m[22m[2m | [22m[1m[32m31 passed[39m[22m[90m (32)[39m
[2m   Start at [22m 00:23:04
[2m   Duration [22m 1.23s[2m (transform 154ms, setup 0ms, import 197ms, tests 28ms, environment 0ms)[22m

